Tree:
       0
      / \
     /   \
    /     \
   -5      7
  / \     / \
 /   \   6   9
-9   -1

#nodes = 7,  #leaves = 4
Infix  : -9 -5 -1 0 6 7 9 
Prefix : 0 -5 -9 -1 7 6 9 
Postfix: -9 -1 -5 6 9 7 0 
ByLevel: 0 -5 7 -9 -1 6 9 
