Tree:
0
 \
  2
 / \
1   4
   / \
  3   6
     / \
    5   8
       / \
      7  10
         / \
        9  12
           / \
          /   \
         11   14
              / \
             /   \
            13   16

#nodes = 16,  #leaves = 8
Infix  : 0 1 2 3 4 5 6 7 8 9 10 11 12 13 14 16 
Prefix : 0 2 1 4 3 6 5 8 7 10 9 12 11 14 13 16 
Postfix: 1 3 5 7 9 11 13 16 14 12 10 8 6 4 2 0 
ByLevel: 0 2 1 4 3 6 5 8 7 10 9 12 11 14 13 16 
